

================================================================
== Vivado HLS Report for 'fromBytesToWords'
================================================================
* Date:           Thu May 14 18:41:53 2020

* Version:        2019.2 (Build 2704478 on Wed Nov 06 22:10:23 MST 2019)
* Project:        picnic1
* Solution:       sign
* Product family: artix7
* Target device:  xc7a200t-fbg676-2


================================================================
== Performance Estimates
================================================================
+ Timing: 
    * Summary: 
    +--------+----------+----------+------------+
    |  Clock |  Target  | Estimated| Uncertainty|
    +--------+----------+----------+------------+
    |ap_clk  | 10.00 ns | 7.966 ns |   1.25 ns  |
    +--------+----------+----------+------------+

+ Latency: 
    * Summary: 
    +---------+---------+----------+----------+-----+-----+---------+
    |  Latency (cycles) |  Latency (absolute) |  Interval | Pipeline|
    |   min   |   max   |    min   |    max   | min | max |   Type  |
    +---------+---------+----------+----------+-----+-----+---------+
    |      476|      476| 4.760 us | 4.760 us |  476|  476|   none  |
    +---------+---------+----------+----------+-----+-----+---------+

    + Detail: 
        * Instance: 
        N/A

        * Loop: 
        +-----------------------------+---------+---------+----------+-----------+-----------+------+----------+
        |                             |  Latency (cycles) | Iteration|  Initiation Interval  | Trip |          |
        |          Loop Name          |   min   |   max   |  Latency |  achieved |   target  | Count| Pipelined|
        +-----------------------------+---------+---------+----------+-----------+-----------+------+----------+
        |- Loop 1                     |      475|      475|        19|          -|          -|    25|    no    |
        | + fromBytesToWords_label13  |       16|       16|         2|          2|          1|     8|    yes   |
        +-----------------------------+---------+---------+----------+-----------+-----------+------+----------+



================================================================
== Utilization Estimates
================================================================
* Summary: 
+-----------------+---------+-------+--------+--------+-----+
|       Name      | BRAM_18K| DSP48E|   FF   |   LUT  | URAM|
+-----------------+---------+-------+--------+--------+-----+
|DSP              |        -|      -|       -|       -|    -|
|Expression       |        -|      -|       0|     311|    -|
|FIFO             |        -|      -|       -|       -|    -|
|Instance         |        -|      -|       -|       -|    -|
|Memory           |        -|      -|       -|       -|    -|
|Multiplexer      |        -|      -|       -|      81|    -|
|Register         |        -|      -|      33|       -|    -|
+-----------------+---------+-------+--------+--------+-----+
|Total            |        0|      0|      33|     392|    0|
+-----------------+---------+-------+--------+--------+-----+
|Available        |      730|    740|  269200|  134600|    0|
+-----------------+---------+-------+--------+--------+-----+
|Utilization (%)  |        0|      0|   ~0   |   ~0   |    0|
+-----------------+---------+-------+--------+--------+-----+

+ Detail: 
    * Instance: 
    N/A

    * DSP48E: 
    N/A

    * Memory: 
    N/A

    * FIFO: 
    N/A

    * Expression: 
    +----------------------+----------+-------+---+-----+------------+------------+
    |     Variable Name    | Operation| DSP48E| FF| LUT | Bitwidth P0| Bitwidth P1|
    +----------------------+----------+-------+---+-----+------------+------------+
    |add_ln272_fu_139_p2   |     +    |      0|  0|   15|           8|           8|
    |i_fu_104_p2           |     +    |      0|  0|   15|           5|           1|
    |j_fu_129_p2           |     +    |      0|  0|   13|           4|           1|
    |icmp_ln269_fu_98_p2   |   icmp   |      0|  0|   11|           5|           4|
    |icmp_ln271_fu_123_p2  |   icmp   |      0|  0|   11|           4|           5|
    |or_ln272_fu_175_p2    |    or    |      0|  0|   64|          64|          64|
    |shl_ln272_fu_169_p2   |    shl   |      0|  0|  182|          64|          64|
    +----------------------+----------+-------+---+-----+------------+------------+
    |Total                 |          |      0|  0|  311|         154|         147|
    +----------------------+----------+-------+---+-----+------------+------------+

    * Multiplexer: 
    +-----------------------+----+-----------+-----+-----------+
    |          Name         | LUT| Input Size| Bits| Total Bits|
    +-----------------------+----+-----------+-----+-----------+
    |ap_NS_fsm              |  33|          6|    1|          6|
    |i_0_reg_75             |   9|          2|    5|         10|
    |j_0_reg_86             |   9|          2|    4|          8|
    |stateAsWords_address0  |  15|          3|    5|         15|
    |stateAsWords_d0        |  15|          3|   64|        192|
    +-----------------------+----+-----------+-----+-----------+
    |Total                  |  81|         16|   79|        231|
    +-----------------------+----+-----------+-----+-----------+

    * Register: 
    +---------------------------+---+----+-----+-----------+
    |            Name           | FF| LUT| Bits| Const Bits|
    +---------------------------+---+----+-----+-----------+
    |ap_CS_fsm                  |  5|   0|    5|          0|
    |i_0_reg_75                 |  5|   0|    5|          0|
    |i_reg_186                  |  5|   0|    5|          0|
    |j_0_reg_86                 |  4|   0|    4|          0|
    |j_reg_204                  |  4|   0|    4|          0|
    |shl_ln272_1_reg_196        |  5|   0|    8|          3|
    |stateAsWords_addr_reg_191  |  5|   0|    5|          0|
    +---------------------------+---+----+-----+-----------+
    |Total                      | 33|   0|   36|          3|
    +---------------------------+---+----+-----+-----------+



================================================================
== Interface
================================================================
* Summary: 
+-----------------------+-----+-----+------------+------------------+--------------+
|       RTL Ports       | Dir | Bits|  Protocol  |   Source Object  |    C Type    |
+-----------------------+-----+-----+------------+------------------+--------------+
|ap_clk                 |  in |    1| ap_ctrl_hs | fromBytesToWords | return value |
|ap_rst                 |  in |    1| ap_ctrl_hs | fromBytesToWords | return value |
|ap_start               |  in |    1| ap_ctrl_hs | fromBytesToWords | return value |
|ap_done                | out |    1| ap_ctrl_hs | fromBytesToWords | return value |
|ap_idle                | out |    1| ap_ctrl_hs | fromBytesToWords | return value |
|ap_ready               | out |    1| ap_ctrl_hs | fromBytesToWords | return value |
|stateAsWords_address0  | out |    5|  ap_memory |   stateAsWords   |     array    |
|stateAsWords_ce0       | out |    1|  ap_memory |   stateAsWords   |     array    |
|stateAsWords_we0       | out |    1|  ap_memory |   stateAsWords   |     array    |
|stateAsWords_d0        | out |   64|  ap_memory |   stateAsWords   |     array    |
|stateAsWords_q0        |  in |   64|  ap_memory |   stateAsWords   |     array    |
|state_address0         | out |    8|  ap_memory |       state      |     array    |
|state_ce0              | out |    1|  ap_memory |       state      |     array    |
|state_q0               |  in |    8|  ap_memory |       state      |     array    |
+-----------------------+-----+-----+------------+------------------+--------------+

