

================================================================
== Vivado HLS Report for 'KeccakWidth1600_Spon_5'
================================================================
* Date:           Thu May 14 18:42:07 2020

* Version:        2019.2 (Build 2704478 on Wed Nov 06 22:10:23 MST 2019)
* Project:        picnic1
* Solution:       sign
* Product family: artix7
* Target device:  xc7a200t-fbg676-2


================================================================
== Performance Estimates
================================================================
+ Timing: 
    * Summary: 
    +--------+----------+----------+------------+
    |  Clock |  Target  | Estimated| Uncertainty|
    +--------+----------+----------+------------+
    |ap_clk  | 10.00 ns | 8.609 ns |   1.25 ns  |
    +--------+----------+----------+------------+

+ Latency: 
    * Summary: 
    +---------+---------+----------+----------+-----+-----+---------+
    |  Latency (cycles) |  Latency (absolute) |  Interval | Pipeline|
    |   min   |   max   |    min   |    max   | min | max |   Type  |
    +---------+---------+----------+----------+-----+-----+---------+
    |        ?|        ?|         ?|         ?|    ?|    ?|   none  |
    +---------+---------+----------+----------+-----+-----+---------+

    + Detail: 
        * Instance: 
        +---------------------------------+----------------------+---------+---------+----------+----------+-----+-----+---------+
        |                                 |                      |  Latency (cycles) |  Latency (absolute) |  Interval | Pipeline|
        |             Instance            |        Module        |   min   |   max   |    min   |    max   | min | max |   Type  |
        +---------------------------------+----------------------+---------+---------+----------+----------+-----+-----+---------+
        |grp_KeccakP1600_ExtractB_fu_355  |KeccakP1600_ExtractB  |        ?|        ?|         ?|         ?|    ?|    ?|   none  |
        |grp_pi_fu_374                    |pi                    |       51|       51| 0.510 us | 0.510 us |   51|   51|   none  |
        |grp_theta_fu_379                 |theta                 |       80|       80| 0.800 us | 0.800 us |   80|   80|   none  |
        |grp_chi_fu_384                   |chi                   |      141|      141| 1.410 us | 1.410 us |  141|  141|   none  |
        +---------------------------------+----------------------+---------+---------+----------+----------+-----+-----+---------+

        * Loop: 
        +-------------------------------+---------+---------+----------+-----------+-----------+------+----------+
        |                               |  Latency (cycles) | Iteration|  Initiation Interval  | Trip |          |
        |           Loop Name           |   min   |   max   |  Latency |  achieved |   target  | Count| Pipelined|
        +-------------------------------+---------+---------+----------+-----------+-----------+------+----------+
        |- Loop 1                       |        ?|        ?|         ?|          -|          -|     ?|    no    |
        | + Loop 1.1                    |      475|      475|        19|          -|          -|    25|    no    |
        |  ++ fromBytesToWords_label13  |       16|       16|         2|          2|          1|     8|    yes   |
        | + Loop 1.2                    |     8544|     8544|       356|          -|          -|    24|    no    |
        |  ++ L_rho_label18             |       75|       75|         4|          3|          1|    25|    yes   |
        | + L_fromWordsToBytes_label14  |      201|      201|         3|          1|          1|   200|    yes   |
        +-------------------------------+---------+---------+----------+-----------+-----------+------+----------+



================================================================
== Utilization Estimates
================================================================
* Summary: 
+-----------------+---------+-------+--------+--------+-----+
|       Name      | BRAM_18K| DSP48E|   FF   |   LUT  | URAM|
+-----------------+---------+-------+--------+--------+-----+
|DSP              |        -|      -|       -|       -|    -|
|Expression       |        -|      -|       0|    1693|    -|
|FIFO             |        -|      -|       -|       -|    -|
|Instance         |        4|      1|    3137|    3449|    0|
|Memory           |        6|      -|       6|       3|    0|
|Multiplexer      |        -|      -|       -|     550|    -|
|Register         |        -|      -|     589|       -|    -|
+-----------------+---------+-------+--------+--------+-----+
|Total            |       10|      1|    3732|    5695|    0|
+-----------------+---------+-------+--------+--------+-----+
|Available        |      730|    740|  269200|  134600|    0|
+-----------------+---------+-------+--------+--------+-----+
|Utilization (%)  |        1|   ~0  |       1|       4|    0|
+-----------------+---------+-------+--------+--------+-----+

+ Detail: 
    * Instance: 
    +---------------------------------+----------------------+---------+-------+------+------+-----+
    |             Instance            |        Module        | BRAM_18K| DSP48E|  FF  |  LUT | URAM|
    +---------------------------------+----------------------+---------+-------+------+------+-----+
    |grp_KeccakP1600_ExtractB_fu_355  |KeccakP1600_ExtractB  |        0|      1|  1404|  1153|    0|
    |grp_chi_fu_384                   |chi                   |        0|      0|   227|   500|    0|
    |grp_pi_fu_374                    |pi                    |        4|      0|   863|   878|    0|
    |grp_theta_fu_379                 |theta                 |        0|      0|   643|   918|    0|
    +---------------------------------+----------------------+---------+-------+------+------+-----+
    |Total                            |                      |        4|      1|  3137|  3449|    0|
    +---------------------------------+----------------------+---------+-------+------+------+-----+

    * DSP48E: 
    N/A

    * Memory: 
    +------------------------+----------------------+---------+---+----+-----+------+-----+------+-------------+
    |         Memory         |        Module        | BRAM_18K| FF| LUT| URAM| Words| Bits| Banks| W*Bits*Banks|
    +------------------------+----------------------+---------+---+----+-----+------+-----+------+-------------+
    |KeccakRhoOffsets_U      |KeccakP1600OnWordeOg  |        0|  6|   3|    0|    25|    6|     1|          150|
    |KeccakRoundConstants_U  |KeccakP1600OnWordfYi  |        2|  0|   0|    0|    24|   64|     1|         1536|
    |stateAsWords_U          |pi_tempA              |        4|  0|   0|    0|    25|   64|     1|         1600|
    +------------------------+----------------------+---------+---+----+-----+------+-----+------+-------------+
    |Total                   |                      |        6|  6|   3|    0|    74|  134|     3|         3286|
    +------------------------+----------------------+---------+---+----+-----+------+-----+------+-------------+

    * FIFO: 
    N/A

    * Expression: 
    +---------------------------+----------+-------+---+-----+------------+------------+
    |       Variable Name       | Operation| DSP48E| FF| LUT | Bitwidth P0| Bitwidth P1|
    +---------------------------+----------+-------+---+-----+------------+------------+
    |add_ln272_fu_453_p2        |     +    |      0|  0|   15|           8|           8|
    |add_ln280_fu_693_p2        |     +    |      0|  0|   15|           8|           1|
    |add_ln282_fu_773_p2        |     +    |      0|  0|   15|           8|           8|
    |add_ln323_fu_793_p2        |     +    |      0|  0|   39|          32|          32|
    |add_ln331_fu_838_p2        |     +    |      0|  0|   71|          64|          64|
    |add_ln332_fu_832_p2        |     +    |      0|  0|   39|          32|          32|
    |add_ln352_fu_514_p2        |     +    |      0|  0|   15|           5|           1|
    |add_ln353_1_fu_552_p2      |     +    |      0|  0|   12|           3|           2|
    |add_ln353_2_fu_575_p2      |     +    |      0|  0|   12|           3|           2|
    |add_ln353_3_fu_609_p2      |     +    |      0|  0|   15|           5|           5|
    |add_ln353_fu_599_p2        |     +    |      0|  0|   13|           4|           4|
    |i_19_fu_418_p2             |     +    |      0|  0|   15|           5|           1|
    |i_20_fu_699_p2             |     +    |      0|  0|   15|           1|           5|
    |i_21_fu_502_p2             |     +    |      0|  0|   15|           5|           1|
    |i_fu_826_p2                |     +    |      0|  0|   40|          33|          33|
    |j_9_fu_736_p2              |     +    |      0|  0|   13|           1|           4|
    |j_fu_443_p2                |     +    |      0|  0|   13|           4|           1|
    |x_fu_520_p2                |     +    |      0|  0|   12|           3|           1|
    |y_fu_670_p2                |     +    |      0|  0|   12|           3|           1|
    |partialBlock_20_fu_804_p2  |     -    |      0|  0|   39|           8|          32|
    |partialBlock_fu_788_p2     |     -    |      0|  0|   39|          32|          32|
    |sub_ln353_fu_641_p2        |     -    |      0|  0|   15|           8|           7|
    |icmp_ln269_fu_412_p2       |   icmp   |      0|  0|   11|           5|           4|
    |icmp_ln271_fu_437_p2       |   icmp   |      0|  0|   11|           4|           5|
    |icmp_ln280_fu_687_p2       |   icmp   |      0|  0|   11|           8|           7|
    |icmp_ln281_fu_705_p2       |   icmp   |      0|  0|   11|           4|           5|
    |icmp_ln293_fu_496_p2       |   icmp   |      0|  0|   11|           5|           5|
    |icmp_ln304_fu_401_p2       |   icmp   |      0|  0|   21|          33|          33|
    |icmp_ln305_fu_406_p2       |   icmp   |      0|  0|   18|          32|           8|
    |icmp_ln323_fu_798_p2       |   icmp   |      0|  0|   18|          32|           8|
    |icmp_ln352_1_fu_526_p2     |   icmp   |      0|  0|    9|           3|           3|
    |icmp_ln352_fu_508_p2       |   icmp   |      0|  0|   11|           5|           4|
    |icmp_ln353_1_fu_546_p2     |   icmp   |      0|  0|    9|           3|           3|
    |icmp_ln353_2_fu_570_p2     |   icmp   |      0|  0|    9|           3|           3|
    |icmp_ln353_fu_621_p2       |   icmp   |      0|  0|   11|           5|           1|
    |lshr_ln282_fu_753_p2       |   lshr   |      0|  0|  182|          64|          64|
    |lshr_ln353_fu_651_p2       |   lshr   |      0|  0|  182|          64|          64|
    |or_ln272_fu_489_p2         |    or    |      0|  0|   64|          64|          64|
    |partialBlock_21_fu_810_p3  |  select  |      0|  0|   32|           1|          32|
    |select_ln280_2_fu_719_p3   |  select  |      0|  0|    5|           1|           5|
    |select_ln280_fu_711_p3     |  select  |      0|  0|    4|           1|           1|
    |select_ln353_1_fu_532_p3   |  select  |      0|  0|    3|           1|           1|
    |select_ln353_2_fu_540_p3   |  select  |      0|  0|    3|           1|           3|
    |select_ln353_3_fu_558_p3   |  select  |      0|  0|    3|           1|           3|
    |select_ln353_4_fu_580_p3   |  select  |      0|  0|    3|           1|           3|
    |select_ln353_fu_663_p3     |  select  |      0|  0|   64|           1|          64|
    |shl_ln272_fu_483_p2        |    shl   |      0|  0|  182|          64|          64|
    |shl_ln353_fu_635_p2        |    shl   |      0|  0|  182|          64|          64|
    |ap_enable_pp1              |    xor   |      0|  0|    2|           1|           2|
    |ap_enable_pp2              |    xor   |      0|  0|    2|           1|           2|
    |ap_enable_reg_pp2_iter1    |    xor   |      0|  0|    2|           2|           1|
    |xor_ln353_fu_657_p2        |    xor   |      0|  0|   64|          64|          64|
    |xor_ln382_fu_680_p2        |    xor   |      0|  0|   64|          64|          64|
    +---------------------------+----------+-------+---+-----+------------+------------+
    |Total                      |          |      0|  0| 1693|         877|         931|
    +---------------------------+----------+-------+---+-----+------------+------------+

    * Multiplexer: 
    +-----------------------------------------+-----+-----------+-----+-----------+
    |                   Name                  | LUT | Input Size| Bits| Total Bits|
    +-----------------------------------------+-----+-----------+-----+-----------+
    |ap_NS_fsm                                |  105|         22|    1|         22|
    |ap_enable_reg_pp1_iter1                  |    9|          2|    1|          2|
    |ap_enable_reg_pp2_iter1                  |    9|          2|    1|          2|
    |ap_enable_reg_pp2_iter2                  |    9|          2|    1|          2|
    |ap_phi_mux_i_0_i2_phi_fu_324_p4          |    9|          2|    5|         10|
    |ap_phi_mux_indvar_flatten_phi_fu_279_p4  |    9|          2|    5|         10|
    |ap_phi_mux_x_0_i_phi_fu_290_p4           |    9|          2|    3|          6|
    |ap_phi_mux_y_0_i_phi_fu_302_p4           |    9|          2|    3|          6|
    |curData_0_idx_reg_228                    |    9|          2|   64|        128|
    |i_0_i2_reg_320                           |    9|          2|    5|         10|
    |i_0_i_reg_240                            |    9|          2|    5|         10|
    |i_0_reg_216                              |    9|          2|   33|         66|
    |indexRound_assign_reg_263                |    9|          2|    5|         10|
    |indvar_flatten7_reg_309                  |    9|          2|    8|         16|
    |indvar_flatten_reg_275                   |    9|          2|    5|         10|
    |instance_byteIOIndex_1_reg_204           |    9|          2|   32|         64|
    |instance_byteIOIndex_2_reg_342           |    9|          2|   32|         64|
    |instance_state_address0                  |   21|          4|    8|         32|
    |instance_state_ce0                       |   15|          3|    1|          3|
    |j_0_i5_reg_331                           |    9|          2|    4|          8|
    |j_0_i_reg_251                            |    9|          2|    4|          8|
    |stateAsWords_address0                    |   41|          8|    5|         40|
    |stateAsWords_address1                    |   38|          7|    5|         35|
    |stateAsWords_ce0                         |   27|          5|    1|          5|
    |stateAsWords_ce1                         |   27|          5|    1|          5|
    |stateAsWords_d0                          |   27|          5|   64|        320|
    |stateAsWords_d1                          |   27|          5|   64|        320|
    |stateAsWords_we0                         |   15|          3|    1|          3|
    |stateAsWords_we1                         |   27|          5|    1|          5|
    |x_0_i_reg_286                            |    9|          2|    3|          6|
    |y_0_i_reg_298                            |    9|          2|    3|          6|
    +-----------------------------------------+-----+-----------+-----+-----------+
    |Total                                    |  550|        112|  374|       1234|
    +-----------------------------------------+-----+-----------+-----+-----------+

    * Register: 
    +----------------------------------------------+----+----+-----+-----------+
    |                     Name                     | FF | LUT| Bits| Const Bits|
    +----------------------------------------------+----+----+-----+-----------+
    |add_ln331_reg_1032                            |  64|   0|   64|          0|
    |add_ln332_reg_1027                            |  32|   0|   32|          0|
    |add_ln352_reg_912                             |   5|   0|    5|          0|
    |ap_CS_fsm                                     |  21|   0|   21|          0|
    |ap_enable_reg_pp1_iter0                       |   1|   0|    1|          0|
    |ap_enable_reg_pp1_iter1                       |   1|   0|    1|          0|
    |ap_enable_reg_pp2_iter0                       |   1|   0|    1|          0|
    |ap_enable_reg_pp2_iter1                       |   1|   0|    1|          0|
    |ap_enable_reg_pp2_iter2                       |   1|   0|    1|          0|
    |curData_0_idx_reg_228                         |  64|   0|   64|          0|
    |grp_KeccakP1600_ExtractB_fu_355_ap_start_reg  |   1|   0|    1|          0|
    |grp_chi_fu_384_ap_start_reg                   |   1|   0|    1|          0|
    |grp_pi_fu_374_ap_start_reg                    |   1|   0|    1|          0|
    |grp_theta_fu_379_ap_start_reg                 |   1|   0|    1|          0|
    |i_0_i2_reg_320                                |   5|   0|    5|          0|
    |i_0_i_reg_240                                 |   5|   0|    5|          0|
    |i_0_reg_216                                   |  33|   0|   33|          0|
    |i_19_reg_871                                  |   5|   0|    5|          0|
    |i_21_reg_903                                  |   5|   0|    5|          0|
    |i_reg_1022                                    |  33|   0|   33|          0|
    |icmp_ln280_reg_971                            |   1|   0|    1|          0|
    |icmp_ln280_reg_971_pp2_iter1_reg              |   1|   0|    1|          0|
    |icmp_ln305_reg_863                            |   1|   0|    1|          0|
    |icmp_ln352_1_reg_922                          |   1|   0|    1|          0|
    |icmp_ln352_reg_908                            |   1|   0|    1|          0|
    |icmp_ln353_reg_945                            |   1|   0|    1|          0|
    |indexRound_assign_reg_263                     |   5|   0|    5|          0|
    |indvar_flatten7_reg_309                       |   8|   0|    8|          0|
    |indvar_flatten_reg_275                        |   5|   0|    5|          0|
    |instance_byteIOIndex_1_reg_204                |  32|   0|   32|          0|
    |instance_byteIOIndex_2_reg_342                |  32|   0|   32|          0|
    |j_0_i5_reg_331                                |   4|   0|    4|          0|
    |j_0_i_reg_251                                 |   4|   0|    4|          0|
    |j_reg_889                                     |   4|   0|    4|          0|
    |partialBlock_21_reg_1017                      |  32|   0|   32|          0|
    |partialBlock_reg_1011                         |  32|   0|   32|          0|
    |select_ln280_2_reg_985                        |   5|   0|    5|          0|
    |select_ln280_2_reg_985_pp2_iter1_reg          |   5|   0|    5|          0|
    |select_ln280_reg_980                          |   4|   0|    4|          0|
    |select_ln280_reg_980_pp2_iter1_reg            |   4|   0|    4|          0|
    |select_ln353_1_reg_927                        |   3|   0|    3|          0|
    |select_ln353_2_reg_935                        |   3|   0|    3|          0|
    |select_ln353_reg_956                          |  64|   0|   64|          0|
    |shl_ln_reg_881                                |   5|   0|    8|          3|
    |stateAsWords_addr_1_reg_876                   |   5|   0|    5|          0|
    |stateAsWords_addr_3_reg_950                   |   5|   0|    5|          0|
    |trunc_ln282_2_reg_1006                        |   8|   0|    8|          0|
    |trunc_ln282_reg_996                           |   3|   0|    3|          0|
    |x_0_i_reg_286                                 |   3|   0|    3|          0|
    |x_reg_917                                     |   3|   0|    3|          0|
    |y_0_i_reg_298                                 |   3|   0|    3|          0|
    |y_reg_961                                     |   3|   0|    3|          0|
    |zext_ln304_reg_850                            |   9|   0|   33|         24|
    |zext_ln322_reg_855                            |   9|   0|   32|         23|
    +----------------------------------------------+----+----+-----+-----------+
    |Total                                         | 589|   0|  639|         50|
    +----------------------------------------------+----+----+-----+-----------+



================================================================
== Interface
================================================================
* Summary: 
+-------------------------+-----+-----+------------+------------------------+--------------+
|        RTL Ports        | Dir | Bits|  Protocol  |      Source Object     |    C Type    |
+-------------------------+-----+-----+------------+------------------------+--------------+
|ap_clk                   |  in |    1| ap_ctrl_hs | KeccakWidth1600_Spon.5 | return value |
|ap_rst                   |  in |    1| ap_ctrl_hs | KeccakWidth1600_Spon.5 | return value |
|ap_start                 |  in |    1| ap_ctrl_hs | KeccakWidth1600_Spon.5 | return value |
|ap_done                  | out |    1| ap_ctrl_hs | KeccakWidth1600_Spon.5 | return value |
|ap_idle                  | out |    1| ap_ctrl_hs | KeccakWidth1600_Spon.5 | return value |
|ap_ready                 | out |    1| ap_ctrl_hs | KeccakWidth1600_Spon.5 | return value |
|instance_state_address0  | out |    8|  ap_memory |     instance_state     |     array    |
|instance_state_ce0       | out |    1|  ap_memory |     instance_state     |     array    |
|instance_state_we0       | out |    1|  ap_memory |     instance_state     |     array    |
|instance_state_d0        | out |    8|  ap_memory |     instance_state     |     array    |
|instance_state_q0        |  in |    8|  ap_memory |     instance_state     |     array    |
|data_0_address0          | out |    6|  ap_memory |         data_0         |     array    |
|data_0_ce0               | out |    1|  ap_memory |         data_0         |     array    |
|data_0_we0               | out |    1|  ap_memory |         data_0         |     array    |
|data_0_d0                | out |    8|  ap_memory |         data_0         |     array    |
|data_1_address0          | out |    6|  ap_memory |         data_1         |     array    |
|data_1_ce0               | out |    1|  ap_memory |         data_1         |     array    |
|data_1_we0               | out |    1|  ap_memory |         data_1         |     array    |
|data_1_d0                | out |    8|  ap_memory |         data_1         |     array    |
|data_2_address0          | out |    6|  ap_memory |         data_2         |     array    |
|data_2_ce0               | out |    1|  ap_memory |         data_2         |     array    |
|data_2_we0               | out |    1|  ap_memory |         data_2         |     array    |
|data_2_d0                | out |    8|  ap_memory |         data_2         |     array    |
|data_3_address0          | out |    6|  ap_memory |         data_3         |     array    |
|data_3_ce0               | out |    1|  ap_memory |         data_3         |     array    |
|data_3_we0               | out |    1|  ap_memory |         data_3         |     array    |
|data_3_d0                | out |    8|  ap_memory |         data_3         |     array    |
|dataByteLen              |  in |    8|   ap_none  |       dataByteLen      |    scalar    |
+-------------------------+-----+-----+------------+------------------------+--------------+

