

================================================================
== Vivado HLS Report for 'KeccakP1600OnWords'
================================================================
* Date:           Thu May 14 18:41:57 2020

* Version:        2019.2 (Build 2704478 on Wed Nov 06 22:10:23 MST 2019)
* Project:        picnic1
* Solution:       sign
* Product family: artix7
* Target device:  xc7a200t-fbg676-2


================================================================
== Performance Estimates
================================================================
+ Timing: 
    * Summary: 
    +--------+----------+----------+------------+
    |  Clock |  Target  | Estimated| Uncertainty|
    +--------+----------+----------+------------+
    |ap_clk  | 10.00 ns | 8.332 ns |   1.25 ns  |
    +--------+----------+----------+------------+

+ Latency: 
    * Summary: 
    +---------+---------+-----------+-----------+------+------+---------+
    |  Latency (cycles) |   Latency (absolute)  |   Interval  | Pipeline|
    |   min   |   max   |    min    |    max    |  min |  max |   Type  |
    +---------+---------+-----------+-----------+------+------+---------+
    |     8545|     8545| 85.450 us | 85.450 us |  8545|  8545|   none  |
    +---------+---------+-----------+-----------+------+------+---------+

    + Detail: 
        * Instance: 
        +------------------+-------+---------+---------+----------+----------+-----+-----+---------+
        |                  |       |  Latency (cycles) |  Latency (absolute) |  Interval | Pipeline|
        |     Instance     | Module|   min   |   max   |    min   |    max   | min | max |   Type  |
        +------------------+-------+---------+---------+----------+----------+-----+-----+---------+
        |grp_pi_fu_159     |pi     |       51|       51| 0.510 us | 0.510 us |   51|   51|   none  |
        |grp_theta_fu_165  |theta  |       80|       80| 0.800 us | 0.800 us |   80|   80|   none  |
        |grp_chi_fu_171    |chi    |      141|      141| 1.410 us | 1.410 us |  141|  141|   none  |
        +------------------+-------+---------+---------+----------+----------+-----+-----+---------+

        * Loop: 
        +------------------+---------+---------+----------+-----------+-----------+------+----------+
        |                  |  Latency (cycles) | Iteration|  Initiation Interval  | Trip |          |
        |     Loop Name    |   min   |   max   |  Latency |  achieved |   target  | Count| Pipelined|
        +------------------+---------+---------+----------+-----------+-----------+------+----------+
        |- Loop 1          |     8544|     8544|       356|          -|          -|    24|    no    |
        | + L_rho_label18  |       75|       75|         4|          3|          1|    25|    yes   |
        +------------------+---------+---------+----------+-----------+-----------+------+----------+



================================================================
== Utilization Estimates
================================================================
* Summary: 
+-----------------+---------+-------+--------+--------+-----+
|       Name      | BRAM_18K| DSP48E|   FF   |   LUT  | URAM|
+-----------------+---------+-------+--------+--------+-----+
|DSP              |        -|      -|       -|       -|    -|
|Expression       |        -|      -|       0|     751|    -|
|FIFO             |        -|      -|       -|       -|    -|
|Instance         |        4|      -|    1733|    2296|    0|
|Memory           |        2|      -|       6|       3|    -|
|Multiplexer      |        -|      -|       -|     326|    -|
|Register         |        -|      -|     127|       -|    -|
+-----------------+---------+-------+--------+--------+-----+
|Total            |        6|      0|    1866|    3376|    0|
+-----------------+---------+-------+--------+--------+-----+
|Available        |      730|    740|  269200|  134600|    0|
+-----------------+---------+-------+--------+--------+-----+
|Utilization (%)  |    ~0   |      0|   ~0   |       2|    0|
+-----------------+---------+-------+--------+--------+-----+

+ Detail: 
    * Instance: 
    +------------------+-------+---------+-------+-----+-----+-----+
    |     Instance     | Module| BRAM_18K| DSP48E|  FF | LUT | URAM|
    +------------------+-------+---------+-------+-----+-----+-----+
    |grp_chi_fu_171    |chi    |        0|      0|  227|  500|    0|
    |grp_pi_fu_159     |pi     |        4|      0|  863|  878|    0|
    |grp_theta_fu_165  |theta  |        0|      0|  643|  918|    0|
    +------------------+-------+---------+-------+-----+-----+-----+
    |Total             |       |        4|      0| 1733| 2296|    0|
    +------------------+-------+---------+-------+-----+-----+-----+

    * DSP48E: 
    N/A

    * Memory: 
    +------------------------+----------------------+---------+---+----+-----+------+-----+------+-------------+
    |         Memory         |        Module        | BRAM_18K| FF| LUT| URAM| Words| Bits| Banks| W*Bits*Banks|
    +------------------------+----------------------+---------+---+----+-----+------+-----+------+-------------+
    |KeccakRhoOffsets_U      |KeccakP1600OnWordeOg  |        0|  6|   3|    0|    25|    6|     1|          150|
    |KeccakRoundConstants_U  |KeccakP1600OnWordfYi  |        2|  0|   0|    0|    24|   64|     1|         1536|
    +------------------------+----------------------+---------+---+----+-----+------+-----+------+-------------+
    |Total                   |                      |        2|  6|   3|    0|    49|   70|     2|         1686|
    +------------------------+----------------------+---------+---+----+-----+------+-----+------+-------------+

    * FIFO: 
    N/A

    * Expression: 
    +---------------------------+----------+-------+---+-----+------------+------------+
    |       Variable Name       | Operation| DSP48E| FF| LUT | Bitwidth P0| Bitwidth P1|
    +---------------------------+----------+-------+---+-----+------------+------------+
    |add_ln352_fu_195_p2        |     +    |      0|  0|   15|           5|           1|
    |add_ln353_10_fu_233_p2     |     +    |      0|  0|   12|           3|           2|
    |add_ln353_11_fu_256_p2     |     +    |      0|  0|   12|           3|           2|
    |add_ln353_5_fu_290_p2      |     +    |      0|  0|   15|           5|           5|
    |add_ln353_fu_280_p2        |     +    |      0|  0|   13|           4|           4|
    |i_fu_183_p2                |     +    |      0|  0|   15|           5|           1|
    |x_fu_201_p2                |     +    |      0|  0|   12|           3|           1|
    |y_fu_351_p2                |     +    |      0|  0|   12|           3|           1|
    |sub_ln353_fu_322_p2        |     -    |      0|  0|   15|           8|           7|
    |icmp_ln293_fu_177_p2       |   icmp   |      0|  0|   11|           5|           5|
    |icmp_ln352_3_fu_189_p2     |   icmp   |      0|  0|   11|           5|           4|
    |icmp_ln352_fu_207_p2       |   icmp   |      0|  0|    9|           3|           3|
    |icmp_ln353_10_fu_251_p2    |   icmp   |      0|  0|    9|           3|           3|
    |icmp_ln353_9_fu_227_p2     |   icmp   |      0|  0|    9|           3|           3|
    |icmp_ln353_fu_302_p2       |   icmp   |      0|  0|   11|           5|           1|
    |lshr_ln353_fu_332_p2       |   lshr   |      0|  0|  182|          64|          64|
    |select_ln353_17_fu_213_p3  |  select  |      0|  0|    3|           1|           1|
    |select_ln353_18_fu_221_p3  |  select  |      0|  0|    3|           1|           3|
    |select_ln353_19_fu_239_p3  |  select  |      0|  0|    3|           1|           3|
    |select_ln353_20_fu_261_p3  |  select  |      0|  0|    3|           1|           3|
    |select_ln353_fu_344_p3     |  select  |      0|  0|   64|           1|          64|
    |shl_ln353_fu_316_p2        |    shl   |      0|  0|  182|          64|          64|
    |ap_enable_pp0              |    xor   |      0|  0|    2|           1|           2|
    |xor_ln353_fu_338_p2        |    xor   |      0|  0|   64|          64|          64|
    |xor_ln382_fu_361_p2        |    xor   |      0|  0|   64|          64|          64|
    +---------------------------+----------+-------+---+-----+------------+------------+
    |Total                      |          |      0|  0|  751|         325|         375|
    +---------------------------+----------+-------+---+-----+------------+------------+

    * Multiplexer: 
    +-----------------------------------------+----+-----------+-----+-----------+
    |                   Name                  | LUT| Input Size| Bits| Total Bits|
    +-----------------------------------------+----+-----------+-----+-----------+
    |ap_NS_fsm                                |  56|         13|    1|         13|
    |ap_enable_reg_pp0_iter1                  |   9|          2|    1|          2|
    |ap_phi_mux_indvar_flatten_phi_fu_129_p4  |   9|          2|    5|         10|
    |ap_phi_mux_x_0_i_phi_fu_140_p4           |   9|          2|    3|          6|
    |ap_phi_mux_y_0_i_phi_fu_152_p4           |   9|          2|    3|          6|
    |indexRound_assign_reg_113                |   9|          2|    5|         10|
    |indvar_flatten_reg_125                   |   9|          2|    5|         10|
    |state_address0                           |  33|          6|    5|         30|
    |state_address1                           |  33|          6|    5|         30|
    |state_ce0                                |  27|          5|    1|          5|
    |state_ce1                                |  27|          5|    1|          5|
    |state_d0                                 |  21|          4|   64|        256|
    |state_d1                                 |  21|          4|   64|        256|
    |state_we0                                |  15|          3|    1|          3|
    |state_we1                                |  21|          4|    1|          4|
    |x_0_i_reg_136                            |   9|          2|    3|          6|
    |y_0_i_reg_148                            |   9|          2|    3|          6|
    +-----------------------------------------+----+-----------+-----+-----------+
    |Total                                    | 326|         66|  171|        658|
    +-----------------------------------------+----+-----------+-----+-----------+

    * Register: 
    +-------------------------------+----+----+-----+-----------+
    |              Name             | FF | LUT| Bits| Const Bits|
    +-------------------------------+----+----+-----+-----------+
    |add_ln352_reg_386              |   5|   0|    5|          0|
    |ap_CS_fsm                      |  12|   0|   12|          0|
    |ap_enable_reg_pp0_iter0        |   1|   0|    1|          0|
    |ap_enable_reg_pp0_iter1        |   1|   0|    1|          0|
    |grp_chi_fu_171_ap_start_reg    |   1|   0|    1|          0|
    |grp_pi_fu_159_ap_start_reg     |   1|   0|    1|          0|
    |grp_theta_fu_165_ap_start_reg  |   1|   0|    1|          0|
    |i_reg_377                      |   5|   0|    5|          0|
    |icmp_ln352_3_reg_382           |   1|   0|    1|          0|
    |icmp_ln352_reg_396             |   1|   0|    1|          0|
    |icmp_ln353_reg_419             |   1|   0|    1|          0|
    |indexRound_assign_reg_113      |   5|   0|    5|          0|
    |indvar_flatten_reg_125         |   5|   0|    5|          0|
    |select_ln353_17_reg_401        |   3|   0|    3|          0|
    |select_ln353_18_reg_409        |   3|   0|    3|          0|
    |select_ln353_reg_430           |  64|   0|   64|          0|
    |state_addr_2_reg_424           |   5|   0|    5|          0|
    |x_0_i_reg_136                  |   3|   0|    3|          0|
    |x_reg_391                      |   3|   0|    3|          0|
    |y_0_i_reg_148                  |   3|   0|    3|          0|
    |y_reg_435                      |   3|   0|    3|          0|
    +-------------------------------+----+----+-----+-----------+
    |Total                          | 127|   0|  127|          0|
    +-------------------------------+----+----+-----+-----------+



================================================================
== Interface
================================================================
* Summary: 
+----------------+-----+-----+------------+--------------------+--------------+
|    RTL Ports   | Dir | Bits|  Protocol  |    Source Object   |    C Type    |
+----------------+-----+-----+------------+--------------------+--------------+
|ap_clk          |  in |    1| ap_ctrl_hs | KeccakP1600OnWords | return value |
|ap_rst          |  in |    1| ap_ctrl_hs | KeccakP1600OnWords | return value |
|ap_start        |  in |    1| ap_ctrl_hs | KeccakP1600OnWords | return value |
|ap_done         | out |    1| ap_ctrl_hs | KeccakP1600OnWords | return value |
|ap_idle         | out |    1| ap_ctrl_hs | KeccakP1600OnWords | return value |
|ap_ready        | out |    1| ap_ctrl_hs | KeccakP1600OnWords | return value |
|state_address0  | out |    5|  ap_memory |        state       |     array    |
|state_ce0       | out |    1|  ap_memory |        state       |     array    |
|state_we0       | out |    1|  ap_memory |        state       |     array    |
|state_d0        | out |   64|  ap_memory |        state       |     array    |
|state_q0        |  in |   64|  ap_memory |        state       |     array    |
|state_address1  | out |    5|  ap_memory |        state       |     array    |
|state_ce1       | out |    1|  ap_memory |        state       |     array    |
|state_we1       | out |    1|  ap_memory |        state       |     array    |
|state_d1        | out |   64|  ap_memory |        state       |     array    |
|state_q1        |  in |   64|  ap_memory |        state       |     array    |
+----------------+-----+-----+------------+--------------------+--------------+

