

================================================================
== Vivado HLS Report for 'matrix_mul'
================================================================
* Date:           Thu May 14 18:42:15 2020

* Version:        2019.2 (Build 2704478 on Wed Nov 06 22:10:23 MST 2019)
* Project:        picnic1
* Solution:       sign
* Product family: artix7
* Target device:  xc7a200t-fbg676-2


================================================================
== Performance Estimates
================================================================
+ Timing: 
    * Summary: 
    +--------+----------+----------+------------+
    |  Clock |  Target  | Estimated| Uncertainty|
    +--------+----------+----------+------------+
    |ap_clk  | 10.00 ns | 8.360 ns |   1.25 ns  |
    +--------+----------+----------+------------+

+ Latency: 
    * Summary: 
    +---------+---------+-----------+-----------+------+------+---------+
    |  Latency (cycles) |   Latency (absolute)  |   Interval  | Pipeline|
    |   min   |   max   |    min    |    max    |  min |  max |   Type  |
    +---------+---------+-----------+-----------+------+------+---------+
    |     2186|     2186| 21.860 us | 21.860 us |  2186|  2186|   none  |
    +---------+---------+-----------+-----------+------+------+---------+

    + Detail: 
        * Instance: 
        N/A

        * Loop: 
        +----------------------+---------+---------+----------+-----------+-----------+------+----------+
        |                      |  Latency (cycles) | Iteration|  Initiation Interval  | Trip |          |
        |       Loop Name      |   min   |   max   |  Latency |  achieved |   target  | Count| Pipelined|
        +----------------------+---------+---------+----------+-----------+-----------+------+----------+
        |- Loop 1              |     2176|     2176|        17|          -|          -|   128|    no    |
        | + matrix_mul_label3  |        4|        4|         2|          1|          1|     4|    yes   |
        | + Loop 1.2           |        6|        6|         2|          -|          -|     3|    no    |
        |- matrix_mul_label7   |        8|        8|         2|          -|          -|     4|    no    |
        +----------------------+---------+---------+----------+-----------+-----------+------+----------+



================================================================
== Utilization Estimates
================================================================
* Summary: 
+-----------------+---------+-------+--------+--------+-----+
|       Name      | BRAM_18K| DSP48E|   FF   |   LUT  | URAM|
+-----------------+---------+-------+--------+--------+-----+
|DSP              |        -|      -|       -|       -|    -|
|Expression       |        -|      -|       0|    1303|    -|
|FIFO             |        -|      -|       -|       -|    -|
|Instance         |        -|      -|       -|       -|    -|
|Memory           |       34|      -|       0|       0|    0|
|Multiplexer      |        -|      -|       -|     212|    -|
|Register         |        -|      -|     126|       -|    -|
+-----------------+---------+-------+--------+--------+-----+
|Total            |       34|      0|     126|    1515|    0|
+-----------------+---------+-------+--------+--------+-----+
|Available        |      730|    740|  269200|  134600|    0|
+-----------------+---------+-------+--------+--------+-----+
|Utilization (%)  |        4|      0|   ~0   |       1|    0|
+-----------------+---------+-------+--------+--------+-----+

+ Detail: 
    * Instance: 
    N/A

    * DSP48E: 
    N/A

    * Memory: 
    +---------------+----------------------+---------+---+----+-----+-------+-----+------+-------------+
    |     Memory    |        Module        | BRAM_18K| FF| LUT| URAM| Words | Bits| Banks| W*Bits*Banks|
    +---------------+----------------------+---------+---+----+-----+-------+-----+------+-------------+
    |prod_U         |matrix_mul_prod       |        1|  0|   0|    0|     64|   32|     1|         2048|
    |temp_U         |matrix_mul_temp       |        1|  0|   0|    0|     64|   32|     1|         2048|
    |temp_matrix_U  |matrix_mul_temp_mUhA  |       32|  0|   0|    0|  10752|   32|     1|       344064|
    +---------------+----------------------+---------+---+----+-----+-------+-----+------+-------------+
    |Total          |                      |       34|  0|   0|    0|  10880|   96|     3|       348160|
    +---------------+----------------------+---------+---+----+-----+-------+-----+------+-------------+

    * FIFO: 
    N/A

    * Expression: 
    +--------------------------+----------+-------+---+-----+------------+------------+
    |       Variable Name      | Operation| DSP48E| FF| LUT | Bitwidth P0| Bitwidth P1|
    +--------------------------+----------+-------+---+-----+------------+------------+
    |add_ln126_fu_395_p2       |     +    |      0|  0|   16|           9|           9|
    |add_ln127_2_fu_334_p2     |     +    |      0|  0|   11|          11|          11|
    |add_ln127_3_fu_408_p2     |     +    |      0|  0|   20|          13|          13|
    |add_ln127_fu_418_p2       |     +    |      0|  0|   21|          14|          14|
    |add_ln134_fu_981_p2       |     +    |      0|  0|   13|           4|           4|
    |i_12_fu_451_p2            |     +    |      0|  0|   12|           3|           1|
    |i_fu_354_p2               |     +    |      0|  0|   15|           8|           1|
    |j_fu_385_p2               |     +    |      0|  0|   12|           3|           1|
    |loop_fu_966_p2            |     +    |      0|  0|   12|           3|           1|
    |sub_ln127_fu_328_p2       |     -    |      0|  0|   11|          11|          11|
    |sub_ln66_11_fu_739_p2     |     -    |      0|  0|   15|           6|           6|
    |sub_ln66_12_fu_769_p2     |     -    |      0|  0|   15|           5|           6|
    |sub_ln66_fu_727_p2        |     -    |      0|  0|   15|           6|           6|
    |and_ln66_15_fu_795_p2     |    and   |      0|  0|   32|          32|          32|
    |and_ln66_16_fu_937_p2     |    and   |      0|  0|   32|          32|          32|
    |and_ln66_fu_832_p2        |    and   |      0|  0|    8|           8|           8|
    |prod_d0                   |    and   |      0|  0|   32|          32|          32|
    |temp_d0                   |    and   |      0|  0|   32|          32|          32|
    |grp_fu_304_p2             |   icmp   |      0|  0|   11|           5|           5|
    |icmp_ln124_fu_348_p2      |   icmp   |      0|  0|   13|           8|           9|
    |icmp_ln125_fu_379_p2      |   icmp   |      0|  0|    9|           3|           4|
    |icmp_ln133_fu_960_p2      |   icmp   |      0|  0|    9|           3|           4|
    |icmp_ln85_fu_445_p2       |   icmp   |      0|  0|    9|           3|           4|
    |lshr_ln66_11_fu_789_p2    |   lshr   |      0|  0|  101|           2|          32|
    |lshr_ln66_12_fu_931_p2    |   lshr   |      0|  0|  101|           2|          32|
    |lshr_ln66_fu_783_p2       |   lshr   |      0|  0|  101|          32|          32|
    |or_ln66_7_fu_702_p2       |    or    |      0|  0|    5|           5|           3|
    |or_ln66_fu_838_p2         |    or    |      0|  0|    8|           8|           8|
    |select_ln66_27_fu_753_p3  |  select  |      0|  0|   32|           1|          32|
    |select_ln66_28_fu_761_p3  |  select  |      0|  0|    6|           1|           6|
    |select_ln66_29_fu_859_p3  |  select  |      0|  0|    6|           1|           6|
    |select_ln66_30_fu_867_p3  |  select  |      0|  0|    6|           1|           6|
    |select_ln66_31_fu_875_p3  |  select  |      0|  0|    6|           1|           6|
    |select_ln66_32_fu_917_p3  |  select  |      0|  0|   32|           1|          32|
    |select_ln66_fu_745_p3     |  select  |      0|  0|    6|           1|           6|
    |shl_ln66_18_fu_901_p2     |    shl   |      0|  0|  101|          32|          32|
    |shl_ln66_19_fu_925_p2     |    shl   |      0|  0|  101|           2|          32|
    |shl_ln66_20_fu_953_p2     |    shl   |      0|  0|   11|           1|           4|
    |shl_ln66_8_fu_826_p2      |    shl   |      0|  0|   19|           8|           8|
    |shl_ln66_fu_814_p2        |    shl   |      0|  0|   19|           1|           8|
    |ap_enable_pp0             |    xor   |      0|  0|    2|           1|           2|
    |ap_enable_reg_pp0_iter1   |    xor   |      0|  0|    2|           2|           1|
    |x_8_fu_482_p2             |    xor   |      0|  0|   32|          32|          32|
    |xor_ln66_15_fu_733_p2     |    xor   |      0|  0|    6|           6|           5|
    |xor_ln66_16_fu_853_p2     |    xor   |      0|  0|    6|           6|           5|
    |xor_ln66_17_fu_883_p2     |    xor   |      0|  0|    6|           6|           5|
    |xor_ln66_4_fu_820_p2      |    xor   |      0|  0|    8|           8|           2|
    |xor_ln66_fu_805_p2        |    xor   |      0|  0|    3|           3|           2|
    |xor_ln94_fu_556_p2        |    xor   |      0|  0|   24|          24|          24|
    |xor_ln95_4_fu_622_p2      |    xor   |      0|  0|   24|          24|          24|
    |xor_ln95_fu_600_p2        |    xor   |      0|  0|   24|          24|          24|
    |xor_ln98_5_fu_666_p2      |    xor   |      0|  0|    2|           1|           1|
    |xor_ln98_6_fu_672_p2      |    xor   |      0|  0|    2|           1|           1|
    |xor_ln98_7_fu_678_p2      |    xor   |      0|  0|    2|           1|           1|
    |xor_ln98_8_fu_684_p2      |    xor   |      0|  0|    2|           1|           1|
    |xor_ln98_fu_660_p2        |    xor   |      0|  0|    2|           1|           1|
    |y_4_fu_572_p2             |    xor   |      0|  0|   32|          32|          32|
    |y_5_fu_616_p2             |    xor   |      0|  0|   32|          32|          32|
    |y_6_fu_646_p2             |    xor   |      0|  0|   24|          24|          24|
    |y_fu_528_p2               |    xor   |      0|  0|   32|          32|          32|
    +--------------------------+----------+-------+---+-----+------------+------------+
    |Total                     |          |      0|  0| 1303|         615|         782|
    +--------------------------+----------+-------+---+-----+------------+------------+

    * Multiplexer: 
    +------------------------------+----+-----------+-----+-----------+
    |             Name             | LUT| Input Size| Bits| Total Bits|
    +------------------------------+----+-----------+-----+-----------+
    |ap_NS_fsm                     |  53|         12|    1|         12|
    |ap_enable_reg_pp0_iter1       |  15|          3|    1|          3|
    |ap_phi_mux_j_0_phi_fu_264_p4  |   9|          2|    3|          6|
    |bitNumber_assign_reg_248      |   9|          2|    8|         16|
    |grp_fu_304_p0                 |  15|          3|    5|         15|
    |grp_fu_304_p1                 |  15|          3|    5|         15|
    |i_0_i_reg_282                 |   9|          2|    3|          6|
    |j_0_reg_260                   |   9|          2|    3|          6|
    |loop_0_reg_293                |   9|          2|    3|          6|
    |output_r_we0                  |   9|          2|    4|          8|
    |prod_address0                 |  21|          4|    6|         24|
    |temp_address0                 |  21|          4|    6|         24|
    |temp_we0                      |   9|          2|    4|          8|
    |x_0_i_reg_272                 |   9|          2|   32|         64|
    +------------------------------+----+-----------+-----+-----------+
    |Total                         | 212|         45|   84|        213|
    +------------------------------+----+-----------+-----+-----------+

    * Register: 
    +--------------------------+----+----+-----+-----------+
    |           Name           | FF | LUT| Bits| Const Bits|
    +--------------------------+----+----+-----+-----------+
    |add_ln134_reg_1117        |   4|   0|    4|          0|
    |ap_CS_fsm                 |  11|   0|   11|          0|
    |ap_enable_reg_pp0_iter0   |   1|   0|    1|          0|
    |ap_enable_reg_pp0_iter1   |   1|   0|    1|          0|
    |bitNumber_assign_reg_248  |   8|   0|    8|          0|
    |i_0_i_reg_282             |   3|   0|    3|          0|
    |i_12_reg_1066             |   3|   0|    3|          0|
    |i_reg_1014                |   8|   0|    8|          0|
    |icmp_ln125_reg_1034       |   1|   0|    1|          0|
    |j_0_reg_260               |   3|   0|    3|          0|
    |j_reg_1038                |   3|   0|    3|          0|
    |loop_0_reg_293            |   3|   0|    3|          0|
    |loop_reg_1107             |   3|   0|    3|          0|
    |or_ln66_7_reg_1093        |   2|   0|    5|          3|
    |or_ln66_reg_1099          |   8|   0|    8|          0|
    |shl_ln_reg_1024           |   7|   0|    9|          2|
    |start_pos_reg_1087        |   2|   0|    5|          3|
    |temp_addr_3_reg_1077      |   3|   0|    6|          3|
    |tmp_41_cast_reg_1000      |  11|   0|   13|          2|
    |tmp_46_reg_1071           |   2|   0|    2|          0|
    |trunc_ln124_reg_1019      |   3|   0|    3|          0|
    |trunc_ln134_reg_1029      |   4|   0|    4|          0|
    |x_0_i_reg_272             |  32|   0|   32|          0|
    +--------------------------+----+----+-----+-----------+
    |Total                     | 126|   0|  139|         13|
    +--------------------------+----+----+-----+-----------+



================================================================
== Interface
================================================================
* Summary: 
+-------------------+-----+-----+------------+---------------+--------------+
|     RTL Ports     | Dir | Bits|  Protocol  | Source Object |    C Type    |
+-------------------+-----+-----+------------+---------------+--------------+
|ap_clk             |  in |    1| ap_ctrl_hs |   matrix_mul  | return value |
|ap_rst             |  in |    1| ap_ctrl_hs |   matrix_mul  | return value |
|ap_start           |  in |    1| ap_ctrl_hs |   matrix_mul  | return value |
|ap_done            | out |    1| ap_ctrl_hs |   matrix_mul  | return value |
|ap_idle            | out |    1| ap_ctrl_hs |   matrix_mul  | return value |
|ap_ready           | out |    1| ap_ctrl_hs |   matrix_mul  | return value |
|output_r_address0  | out |    6|  ap_memory |    output_r   |     array    |
|output_r_ce0       | out |    1|  ap_memory |    output_r   |     array    |
|output_r_we0       | out |    4|  ap_memory |    output_r   |     array    |
|output_r_d0        | out |   32|  ap_memory |    output_r   |     array    |
|output_offset      |  in |    5|   ap_none  | output_offset |    scalar    |
|state_address0     | out |   12|  ap_memory |     state     |     array    |
|state_ce0          | out |    1|  ap_memory |     state     |     array    |
|state_q0           |  in |   32|  ap_memory |     state     |     array    |
|state_offset       |  in |    8|   ap_none  |  state_offset |    scalar    |
|state_offset1      |  in |    4|   ap_none  | state_offset1 |    scalar    |
|matrix_offset      |  in |   14|   ap_none  | matrix_offset |    scalar    |
+-------------------+-----+-----+------------+---------------+--------------+

